     1                                 %line 1+1 Q1.s
     2                                 [global _start]
     3                                 
     4                                 [section .data]
     5 00000000 0400                    m dw 4
     6 00000002 0000                    y dw 0
     7 00000004 0000                    mPow2 dw 0
     8 00000006 0000                    mPow3 dw 0
     9                                 
    10                                 [section .text]
    11                                 _start:
    12 00000000 668B0425[00000000]      mov ax, word[m]
    13 00000008 F6E0                    mul al
    14 0000000A 66890425[00000000]      mov word[mPow2], ax
    15 00000012 668B0C25[00000000]      mov cx, word[m]
    16 0000001A F6E1                    mul cl
    17 0000001C 66890425[00000000]      mov word[mPow3], ax
    18                                 
    19 00000024 668B1C25[00000000]      mov bx, word[mPow2]
    20 0000002C 66D1E3                  shl bx, 1
    21                                 
    22 0000002F 668B1425[00000000]      mov dx, word[m]
    23 00000037 66C1E202                shl dx, 2
    24                                 
    25 0000003B 6601D8                  add ax, bx
    26 0000003E 6629D0                  sub ax, dx
    27 00000041 66FFC0                  inc ax
    28                                 
    29 00000044 66890425[00000000]      mov word[y], ax
    30                                 
    31 0000004C 48C7C03C000000          mov rax,60
    32 00000053 48C7C700000000          mov rdi,0
    33 0000005A 0F05                    syscall
