     1                                 %line 1+1 Q2.s
     2                                 [global _start]
     3                                 
     4                                 [section .data]
     5 00000000 28                      f db 40
     6 00000001 00                      C db 0
     7 00000002 0000                    remC dw 0
     8                                 
     9                                 [section .text]
    10                                 _start:
    11 00000000 8A0425[00000000]        mov al, byte[f]
    12 00000007 2C20                    sub al, 32
    13 00000009 B309                    mov bl, 9
    14 0000000B F6E3                    mul bl
    15                                 
    16 0000000D 6699                    cwd
    17 0000000F 66BB0500                mov bx, 5
    18 00000013 66F7FB                  idiv bx
    19                                 
    20 00000016 880425[00000000]        mov byte[C], al
    21 0000001D 66891425[00000000]      mov word[remC], dx
    22                                 
    23 00000025 48C7C03C000000          mov rax,60
    24 0000002C 48C7C700000000          mov rdi,0
    25 00000033 0F05                    syscall
