     1                                 %line 1+1 Q4.s
     2                                 [global _start]
     3                                 
     4                                 [section .data]
     5 00000000 05                      n db 5
     6 00000001 0000                    Sum dw 0
     7                                 
     8                                 [section .text]
     9                                 _start:
    10 00000000 8A0C25[00000000]        mov cl, byte[n]
    11                                 sumXLoop:
    12 00000007 88C8                    mov al, cl
    13 00000009 C0E007                  shl al, 7
    14 0000000C 3C00                    cmp al, 0
    15 0000000E 7402                    je plus
    16                                 
    17 00000010 29CB                    sub ebx, ecx
    18 00000012 EB00                    jmp endloop
    19                                 plus:
    20 00000014 01CB                    add ebx, ecx
    21                                 endloop:
    22 00000016 E2ED                    loop sumXLoop
    23                                 
    24                                 endProgramQ3:
    25 00000018 83C302                  add ebx, 2
    26 0000001B 891C25[00000000]        mov dword[Sum], ebx
    27                                 
    28 00000022 48C7C03C000000          mov rax,60
    29 00000029 48C7C700000000          mov rdi,0
    30 00000030 0F05                    syscall
